[hwnd-host] start
[hwnd-host] io_backend=external (this host owns the ConPTY)
info: ghostty version=1.3.2-windows-+125fc521b
info: ghostty build optimize=ReleaseFast
info: runtime=.none
info: font_backend=.freetype_windows
info: dependency harfbuzz=11.0.0
info: renderer=renderer.generic.Renderer(renderer.D3D11)
info: libxev default backend=iocp
info(os_locale): setlocale from env result=English_United States.1252
[hwnd-host] ghostty_init_w ok
[hwnd-host] ghostty_config_new ok
warning(config): no default shell found, will default to using cmd
[hwnd-host] ghostty_config_finalize ok
[hwnd-host] ghostty_app_new ok
[hwnd-host] calling ghostty_surface_new
info(directx11): D3D11 device ready: driver=hardware feature_level=11_1 size=1002x584
[hwnd-host] ghostty_surface_new ok
[extpty] started 71x18, child pid 49480
warning(stream): unimplemented mode: 9001
info(directx11): presents: 3 in 1203ms (2.5/sec), total 4
info(directx11): presents: 2 in 1219ms (1.6/sec), total 6
info(directx11): presents: 2 in 1234ms (1.6/sec), total 8
info(directx11): presents: 2 in 1219ms (1.6/sec), total 10
info(directx11): presents: 2 in 1219ms (1.6/sec), total 12
info(directx11): presents: 2 in 1219ms (1.6/sec), total 14
info(directx11): presents: 2 in 1218ms (1.6/sec), total 16
info(directx11): presents: 2 in 1235ms (1.6/sec), total 18
info(directx11): presents: 2 in 1218ms (1.6/sec), total 20
info(directx11): presents: 2 in 1219ms (1.6/sec), total 22
info(directx11): presents: 2 in 1219ms (1.6/sec), total 24
info(directx11): presents: 2 in 1219ms (1.6/sec), total 26
[extpty] reader thread exiting
info(surface): surface closed addr=1c349397dc0
